[agrilyze.ca/solutions-for-greenhouse-farmers/index.html]
[backblue.gif]
[fade.gif]
[index.html]
[agrilyze.ca/wp-content/uploads/2020/04/field-of-plants-in-greenhouse-2886937fdce.jpg]
[agrilyze.ca/wp-includes/css/dist/block-library/style.mina8c1.css]
[agrilyze.ca/wp-includes/css/dist/block-library/theme.mina8c1.css]
[agrilyze.ca/wp-content/plugins/contact-form-7/includes/css/styles9dff.css]
[agrilyze.ca/wp-content/plugins/revslider/public/assets/css/rs66a4d.css]
[agrilyze.ca/wp-content/plugins/slider-video/Style/Rich-Web-Video-Slider-Widgeta8c1.css]
[agrilyze.ca/wp-content/plugins/slider-video/Style/richwebiconsa8c1.css]
[agrilyze.ca/wp-content/themes/ave/assets/vendors/liquid-icon/liquid-icon.min.css]
[agrilyze.ca/wp-content/plugins/js_composer/assets/lib/bower/font-awesome/css/font-awesome.min52c7.css]
[agrilyze.ca/wp-content/themes/ave/assets/vendors/bootstrap/css/bootstrap.min.css]
[agrilyze.ca/wp-content/themes/ave/assets/vendors/jquery-ui/jquery-ui.css]
[agrilyze.ca/wp-content/themes/ave/assets/vendors/fresco/css/fresco.css]
[agrilyze.ca/wp-content/themes/ave/assets/vendors/lity/lity.min.css]
[agrilyze.ca/wp-content/themes/ave/style.css]
[agrilyze.ca/wp-content/themes/ave/assets/css/theme.css]
[agrilyze.ca/wp-content/plugins/js_composer/assets/css/js_composer.min52c7.css]
[agrilyze.ca/wp-content/plugins/ave-core/assets/css/ave-core.mina8c1.css]
[agrilyze.ca/wp-content/uploads/liquid-styles/liquid-responsive-100c7b9.css]
[agrilyze.ca/wp-includes/js/jquery/jquery4a5f.js]
[agrilyze.ca/wp-includes/js/jquery/jquery-migrate.min330a.js]
[agrilyze.ca/wp-content/plugins/revslider/public/assets/js/revolution.tools.minf049.js]
[agrilyze.ca/wp-content/plugins/revslider/public/assets/js/rs6.min6a4d.js]
[agrilyze.ca/wp-includes/js/jquery/ui/core.mine899.js]
[agrilyze.ca/wp-content/plugins/slider-video/Scripts/Rich-Web-Video-Slider-Widgeta8c1.js]
[agrilyze.ca/wp-content/themes/ave/assets/vendors/modernizr.min.js]
[www.google-analytics.com/analytics.js]
[agrilyze.ca/wp-content/uploads/2020/02/favicon-agrilyze-final-1-e1582151519557.png]
[connect.facebook.net/en_US/fbevents.js]
[static.ctctcdn.com/js/signup-form-widget/current/signup-form-widget.min.js]
[agrilyze.ca/solutions-for-greenhouse-farmers/assets/vendors/css-vars-ponyfill.min.js]
[agrilyze.ca/wp-content/uploads/2021/01/I-OPEN-Globe-ag-logo-3.png]
[agrilyze.ca/wp-content/uploads/2021/01/I-OPEN-Globe-ag-logo-dark-logo-NEW-1.png]
[agrilyze.ca/wp-content/uploads/2020/01/10101.gif]
[agrilyze.ca/cdn-cgi/scripts/5c5dd728/cloudflare-static/email-decode.min.js]
[agrilyze.ca/wp-content/plugins/contact-form-7/includes/js/scripts9dff.js]
[agrilyze.ca/wp-content/plugins/wp-smushit/app/assets/js/smush-lazy-load.min3fd0.js]
[agrilyze.ca/wp-includes/js/wp-embed.mina8c1.js]
[agrilyze.ca/wp-content/themes/ave/assets/vendors/fresco/js/fresco.js]
[agrilyze.ca/wp-content/themes/ave/assets/vendors/lity/lity.min.js]
[agrilyze.ca/wp-content/plugins/js_composer/assets/js/dist/js_composer_front.min52c7.js]
[agrilyze.ca/wp-content/themes/ave/assets/vendors/greensock/utils/SplitText.min.js]
[agrilyze.ca/wp-content/themes/ave/assets/vendors/bootstrap/js/bootstrap.min.js]
[agrilyze.ca/wp-content/themes/ave/assets/vendors/intersection-observer.js]
[agrilyze.ca/wp-includes/js/imagesloaded.min55a0.js]
[agrilyze.ca/wp-content/themes/ave/assets/vendors/jquery-ui/jquery-ui.min.js]
[agrilyze.ca/wp-content/themes/ave/assets/vendors/anime.min.js]
[agrilyze.ca/wp-content/themes/ave/assets/vendors/scrollmagic/ScrollMagic.min.js]
[agrilyze.ca/wp-content/themes/ave/assets/vendors/fontfaceobserver.js]
[agrilyze.ca/wp-content/themes/ave/assets/vendors/lazyload.min.js]
[agrilyze.ca/wp-content/themes/ave/assets/vendors/tinycolor-min.js]
[agrilyze.ca/solutions-for-greenhouse-farmers/index.html]
[agrilyze.ca/wp-includes/css/dist/block-library/style.mina8c1.css]
[agrilyze.ca/wp-includes/css/dist/block-library/theme.mina8c1.css]
[agrilyze.ca/wp-content/themes/ave/assets/js/theme.min.js]
[agrilyze.ca/wp-content/plugins/contact-form-7/assets/ajax-loader.gif]
[agrilyze.ca/wp-content/plugins/contact-form-7/includes/css/styles9dff.css]
[agrilyze.ca/wp-content/plugins/revslider/public/assets/assets/gridtile.png]
[agrilyze.ca/wp-content/plugins/revslider/public/assets/assets/gridtile_white.png]
[agrilyze.ca/wp-content/plugins/revslider/public/assets/assets/gridtile_3x3.png]
[agrilyze.ca/wp-content/plugins/revslider/public/assets/assets/gridtile_3x3_white.png]
[agrilyze.ca/wp-content/plugins/revslider/public/assets/assets/coloredbg.png]
[agrilyze.ca/wp-content/plugins/revslider/public/assets/assets/loader.gif]
[agrilyze.ca/wp-content/plugins/revslider/public/assets/css/rs66a4d.css]
[agrilyze.ca/wp-content/plugins/slider-video/Images/nav.png]
[agrilyze.ca/wp-content/plugins/slider-video/Style/Rich-Web-Video-Slider-Widgeta8c1.css]
[agrilyze.ca/wp-content/plugins/slider-video/Style/richwebiconsa8c1.css]
[agrilyze.ca/wp-content/themes/ave/assets/vendors/liquid-icon/fonts/liquid-icon.woff]
[agrilyze.ca/wp-content/themes/ave/assets/vendors/liquid-icon/liquid-icon.min.css]
[agrilyze.ca/wp-content/plugins/js_composer/assets/lib/bower/font-awesome/css/font-awesome.min52c7.css]
[agrilyze.ca/wp-content/themes/ave/assets/vendors/bootstrap/css/bootstrap.min.css]
[agrilyze.ca/wp-content/themes/ave/assets/vendors/jquery-ui/jquery-ui.css]
[agrilyze.ca/wp-content/themes/ave/assets/vendors/liquid-icon/fonts/liquid-icon.svg]
[agrilyze.ca/wp-content/themes/ave/assets/vendors/fresco/fresco-skins/sprite.png]
[agrilyze.ca/wp-content/themes/ave/assets/vendors/fresco/css/fresco.css]
[agrilyze.ca/wp-content/themes/ave/assets/vendors/lity/lity.min.css]
[agrilyze.ca/wp-content/themes/ave/style.css]
[agrilyze.ca/wp-content/themes/ave/assets/img/misc/browser-bar.jpg]
[agrilyze.ca/wp-content/themes/ave/assets/img/spinners/spinner-1.gif]
[agrilyze.ca/wp-content/themes/ave/assets/img/spinners/spinner-2.gif]
[agrilyze.ca/wp-content/themes/ave/assets/css/theme.css]
[agrilyze.ca/wp-content/plugins/js_composer/assets/vc/alert.png]
[agrilyze.ca/wp-content/plugins/js_composer/assets/vc/info.png]
[agrilyze.ca/wp-content/plugins/js_composer/assets/vc/tick.png]
[agrilyze.ca/wp-content/plugins/js_composer/assets/vc/exclamation.png]
[agrilyze.ca/wp-content/plugins/js_composer/assets/images/icons/address-book.png]
[agrilyze.ca/wp-content/plugins/js_composer/assets/images/icons/alarm-clock.png]
[agrilyze.ca/wp-content/plugins/js_composer/assets/images/icons/anchor.png]
[agrilyze.ca/wp-content/plugins/js_composer/assets/images/icons/application-image.png]
[agrilyze.ca/wp-content/plugins/js_composer/assets/images/icons/arrow.png]
[agrilyze.ca/wp-content/plugins/js_composer/assets/images/icons/asterisk.png]
[agrilyze.ca/wp-content/plugins/js_composer/assets/images/icons/auction-hammer.png]
[agrilyze.ca/wp-content/plugins/js_composer/assets/images/icons/balloon.png]
[agrilyze.ca/wp-content/plugins/js_composer/assets/images/icons/balloon-buzz.png]
[agrilyze.ca/wp-content/plugins/js_composer/assets/images/icons/balloon-facebook.png]
[agrilyze.ca/wp-content/plugins/js_composer/assets/images/icons/balloon-twitter.png]
[agrilyze.ca/wp-content/plugins/js_composer/assets/images/icons/battery-full.png]
[agrilyze.ca/wp-content/plugins/js_composer/assets/images/icons/binocular.png]
[agrilyze.ca/wp-content/plugins/js_composer/assets/images/icons/blue-document-excel.png]
[agrilyze.ca/wp-content/plugins/js_composer/assets/images/icons/blue-document-image.png]
[agrilyze.ca/wp-content/plugins/js_composer/assets/images/icons/blue-document-music.png]
[agrilyze.ca/wp-content/plugins/js_composer/assets/images/icons/blue-document-office.png]
[agrilyze.ca/wp-content/plugins/js_composer/assets/images/icons/blue-document-pdf.png]
[agrilyze.ca/wp-content/plugins/js_composer/assets/images/icons/blue-document-powerpoint.png]
[agrilyze.ca/wp-content/plugins/js_composer/assets/images/icons/blue-document-word.png]
[agrilyze.ca/wp-content/plugins/js_composer/assets/images/icons/bookmark.png]
[agrilyze.ca/wp-content/plugins/js_composer/assets/images/icons/camcorder.png]
[agrilyze.ca/wp-content/plugins/js_composer/assets/images/icons/camera.png]
[agrilyze.ca/wp-content/plugins/js_composer/assets/images/icons/chart.png]
[agrilyze.ca/wp-content/plugins/js_composer/assets/images/icons/chart-pie.png]
[agrilyze.ca/wp-content/plugins/js_composer/assets/images/icons/clock.png]
[agrilyze.ca/wp-content/plugins/js_composer/assets/images/icons/control.png]
[agrilyze.ca/wp-content/plugins/js_composer/assets/images/icons/fire.png]
[agrilyze.ca/wp-content/plugins/js_composer/assets/images/icons/heart.png]
[agrilyze.ca/wp-content/plugins/js_composer/assets/images/icons/mail.png]
[agrilyze.ca/wp-content/plugins/js_composer/assets/images/icons/plus-shield.png]
[agrilyze.ca/wp-content/plugins/js_composer/assets/images/icons/video.png]
[agrilyze.ca/wp-content/plugins/js_composer/assets/images/toggle_open.png]
[agrilyze.ca/wp-content/plugins/js_composer/assets/images/toggle_close.png]
[agrilyze.ca/wp-content/plugins/js_composer/assets/images/flickr.png]
[agrilyze.ca/wp-content/plugins/js_composer/assets/images/spinner.gif]
[agrilyze.ca/wp-content/plugins/js_composer/assets/vc/remove.png]
[agrilyze.ca/wp-content/plugins/js_composer/assets/css/js_composer.min52c7.css]
[agrilyze.ca/wp-content/plugins/ave-core/assets/css/ave-core.mina8c1.css]
[agrilyze.ca/wp-content/uploads/liquid-styles/liquid-responsive-100c7b9.css]
[agrilyze.ca/wp-content/themes/ave/assets/vendors/inline5152.js]
[agrilyze.ca/solutions-for-greenhouse-farmers/POST]
[connect.facebook.net/en_US/fbevents.js]
[agrilyze.ca/solutions-for-greenhouse-farmers/assets/vendors/css-vars-ponyfill.min.html]
[agrilyze.ca/wp-content/plugins/revslider/public/assets/css/openhand.html]
[agrilyze.ca/wp-content/plugins/revslider/public/assets/css/closedhand.html]
[agrilyze.ca/wp-content/themes/ave/assets/vendors/liquid-icon/fonts/liquid-icon.svg]
[agrilyze.ca/solutions-for-greenhouse-farmers/POST.html]
